ssh -T git@github.com 25052007